2025-04-17 11:11:33 [error]: TypeError: app.set is not a function
    at Object.<anonymous> (C:\Users\calebmwaniki\OneDrive - TopCartKe\Desktop\Backend trial\ecommerce-admin\server\server.js:12:5)
    at Module._compile (node:internal/modules/cjs/loader:1565:14)
    at Object..js (node:internal/modules/cjs/loader:1708:10)
    at Module.load (node:internal/modules/cjs/loader:1318:32)
    at Function._load (node:internal/modules/cjs/loader:1128:12)
    at TracingChannel.traceSync (node:diagnostics_channel:322:14)
    at wrapModuleLoad (node:internal/modules/cjs/loader:219:24)
    at Function.executeUserEntryPoint [as runMain] (node:internal/modules/run_main:170:5)
    at node:internal/main/run_main_module:36:49
2025-04-17 11:11:33 [error]: TypeError: app.set is not a function
    at Object.<anonymous> (C:\Users\calebmwaniki\OneDrive - TopCartKe\Desktop\Backend trial\ecommerce-admin\server\server.js:12:5)
    at Module._compile (node:internal/modules/cjs/loader:1565:14)
    at Object..js (node:internal/modules/cjs/loader:1708:10)
    at Module.load (node:internal/modules/cjs/loader:1318:32)
    at Function._load (node:internal/modules/cjs/loader:1128:12)
    at TracingChannel.traceSync (node:diagnostics_channel:322:14)
    at wrapModuleLoad (node:internal/modules/cjs/loader:219:24)
    at Function.executeUserEntryPoint [as runMain] (node:internal/modules/run_main:170:5)
    at node:internal/main/run_main_module:36:49
2025-04-17 11:11:33 [error]: Error: listen EADDRINUSE: address already in use :::5000
    at Server.setupListenHandle [as _listen2] (node:net:1912:16)
    at listenInCluster (node:net:1969:12)
    at Server.listen (node:net:2074:7)
    at Function.listen (C:\Users\calebmwaniki\OneDrive - TopCartKe\Desktop\Backend trial\ecommerce-admin\server\node_modules\express\lib\application.js:605:24)
    at Object.<anonymous> (C:\Users\calebmwaniki\OneDrive - TopCartKe\Desktop\Backend trial\ecommerce-admin\server\app.js:75:20)
    at Module._compile (node:internal/modules/cjs/loader:1565:14)
    at Object..js (node:internal/modules/cjs/loader:1708:10)
    at Module.load (node:internal/modules/cjs/loader:1318:32)
    at Function._load (node:internal/modules/cjs/loader:1128:12)
    at TracingChannel.traceSync (node:diagnostics_channel:322:14)
2025-04-17 11:11:38 [error]: TypeError: app.set is not a function
    at Object.<anonymous> (C:\Users\calebmwaniki\OneDrive - TopCartKe\Desktop\Backend trial\ecommerce-admin\server\server.js:12:5)
    at Module._compile (node:internal/modules/cjs/loader:1565:14)
    at Object..js (node:internal/modules/cjs/loader:1708:10)
    at Module.load (node:internal/modules/cjs/loader:1318:32)
    at Function._load (node:internal/modules/cjs/loader:1128:12)
    at TracingChannel.traceSync (node:diagnostics_channel:322:14)
    at wrapModuleLoad (node:internal/modules/cjs/loader:219:24)
    at Function.executeUserEntryPoint [as runMain] (node:internal/modules/run_main:170:5)
    at node:internal/main/run_main_module:36:49
2025-04-17 11:11:38 [error]: Error: listen EADDRINUSE: address already in use :::5000
    at Server.setupListenHandle [as _listen2] (node:net:1912:16)
    at listenInCluster (node:net:1969:12)
    at Server.listen (node:net:2074:7)
    at Function.listen (C:\Users\calebmwaniki\OneDrive - TopCartKe\Desktop\Backend trial\ecommerce-admin\server\node_modules\express\lib\application.js:605:24)
    at Object.<anonymous> (C:\Users\calebmwaniki\OneDrive - TopCartKe\Desktop\Backend trial\ecommerce-admin\server\app.js:75:20)
    at Module._compile (node:internal/modules/cjs/loader:1565:14)
    at Object..js (node:internal/modules/cjs/loader:1708:10)
    at Module.load (node:internal/modules/cjs/loader:1318:32)
    at Function._load (node:internal/modules/cjs/loader:1128:12)
    at TracingChannel.traceSync (node:diagnostics_channel:322:14)
